[()]
[()]
[()]
[()]
[ClawReady]
[()]
[()]
[()]
[(State 49)]
[()]
[(State 50)]
[(State 1)]
[()]
[()]
[()]
[()]
[()]
[()]
[()]
[()]
[()]
[()]
[()]
[()]
[()]
[()]
[()]
[()]
[()]
[()]
[()]
[()]
[()]
[()]
[()]
[()]
[()]
[()]
[()]
[()]
[()]
[()]
[()]
[()]
[(State "")]
[(State "")]
[()]
[()]
[()]
[()]
[(State (TgQueue ()))]
[()]
[()]
[()]
[(State (TgQueue ()))]
[(State "")]
[(State "")]
[()]
[()]
[()]
[()]
[(State (TgQueue ()))]
[(State "")]
[(State "")]
[()]
[()]
[()]
[()]
[(State "1001001")]
[(State "11")]
[()]
[()]
[(State "")]
[(State "")]
[(State 0)]
[()]
[()]
[()]
[()]
[()]
[()]
[()]
[()]
[()]
[()]
[()]
[()]
[()]
[()]
[()]
[()]
[()]
[()]
[()]
[()]
[()]
[()]
[()]
[()]
[()]
[()]
[()]
[(State "42")]
[()]
[()]
[()]
[(State "43")]
[()]
[()]
[()]
[()]
[(State "44")]
[()]
[()]
[()]
[()]
[(State "45")]
[()]
[()]
[()]
[()]
[(State "46")]
[()]
[()]
[()]
[(State NoLiveMessage)]
[(State "")]
[(State "")]
[(State "")]
[()]
[()]
